// Jest Snapshot v1, https://goo.gl/fbAQLP

exports[`renders app 1`] = `
<body>
  <div>
    <nav
      class="navbar bg-primary"
    >
      <h1>
        <i
          class="fas fa-beer"
        />
         
        Brewery Finder
      </h1>
    </nav>
  </div>
</body>
`;
